--------------------------------------------------------------------------------
Release 14.7 Trace  (nt64)
Copyright (c) 1995-2013 Xilinx, Inc.  All rights reserved.

C:\Xilinx\14.7\ISE_DS\ISE\bin\nt64\unwrapped\trce.exe -intstyle ise -v 3 -s 1
-n 3 -fastpaths -xml top.twx top.ncd -o top.twr top.pcf

Design file:              top.ncd
Physical constraint file: top.pcf
Device,package,speed:     xc7k160t,ffg676,C,-1 (PRODUCTION 1.10 2013-10-13)
Report level:             verbose report

Environment Variable      Effect 
--------------------      ------ 
NONE                      No environment variables were set
--------------------------------------------------------------------------------

INFO:Timing:2698 - No timing constraints found, doing default enumeration.
INFO:Timing:3412 - To improve timing, see the Timing Closure User Guide (UG612).
INFO:Timing:2752 - To get complete path coverage, use the unconstrained paths 
   option. All paths that are not constrained will be reported in the 
   unconstrained paths section(s) of the report.
INFO:Timing:3339 - The clock-to-out numbers in this timing report are based on 
   a 50 Ohm transmission line loading model.  For the details of this model, 
   and for more information on accounting for different loading conditions, 
   please see the device datasheet.



Data Sheet report:
-----------------
All values displayed in nanoseconds (ns)

Clock clk to Pad
------------+-----------------+------------+-----------------+------------+------------------+--------+
            |Max (slowest) clk|  Process   |Min (fastest) clk|  Process   |                  | Clock  |
Destination |  (edge) to PAD  |   Corner   |  (edge) to PAD  |   Corner   |Internal Clock(s) | Phase  |
------------+-----------------+------------+-----------------+------------+------------------+--------+
AN<0>       |        12.340(R)|      SLOW  |         4.577(R)|      FAST  |clk_BUFGP         |   0.000|
AN<1>       |        12.209(R)|      SLOW  |         4.524(R)|      FAST  |clk_BUFGP         |   0.000|
AN<2>       |        12.197(R)|      SLOW  |         4.655(R)|      FAST  |clk_BUFGP         |   0.000|
AN<3>       |        12.055(R)|      SLOW  |         4.609(R)|      FAST  |clk_BUFGP         |   0.000|
seg<0>      |        12.947(R)|      SLOW  |         4.872(R)|      FAST  |clk_BUFGP         |   0.000|
seg<1>      |        12.979(R)|      SLOW  |         4.865(R)|      FAST  |clk_BUFGP         |   0.000|
seg<2>      |        12.692(R)|      SLOW  |         4.755(R)|      FAST  |clk_BUFGP         |   0.000|
seg<3>      |        12.947(R)|      SLOW  |         4.748(R)|      FAST  |clk_BUFGP         |   0.000|
seg<4>      |        13.011(R)|      SLOW  |         4.813(R)|      FAST  |clk_BUFGP         |   0.000|
seg<5>      |        13.020(R)|      SLOW  |         4.887(R)|      FAST  |clk_BUFGP         |   0.000|
seg<6>      |        12.845(R)|      SLOW  |         4.799(R)|      FAST  |clk_BUFGP         |   0.000|
------------+-----------------+------------+-----------------+------------+------------------+--------+

Clock to Setup on destination clock clk
---------------+---------+---------+---------+---------+
               | Src:Rise| Src:Fall| Src:Rise| Src:Fall|
Source Clock   |Dest:Rise|Dest:Rise|Dest:Fall|Dest:Fall|
---------------+---------+---------+---------+---------+
clk            |    2.583|         |         |         |
---------------+---------+---------+---------+---------+

Clock to Setup on destination clock clr
---------------+---------+---------+---------+---------+
               | Src:Rise| Src:Fall| Src:Rise| Src:Fall|
Source Clock   |Dest:Rise|Dest:Rise|Dest:Fall|Dest:Fall|
---------------+---------+---------+---------+---------+
clk            |         |         |   74.083|         |
clr            |         |         |    2.205|    3.673|
---------------+---------+---------+---------+---------+


Analysis completed Thu Dec 28 17:19:26 2023 
--------------------------------------------------------------------------------

Trace Settings:
-------------------------
Trace Settings 

Peak Memory Usage: 5472 MB



